AR barrel behavioral "C:/Users/Rohit/Desktop/BE project/Barrel Shifter/BARRELMUX8/BARREL.vhd" sub00/vhpl03 1445755342
AR mux32_1 behave "C:/Users/Rohit/Desktop/BE project/Barrel Shifter/BARRELMUX8/BARREL.vhd" sub00/vhpl02 1445755344
EN barrel NULL "C:/Users/Rohit/Desktop/BE project/Barrel Shifter/BARRELMUX8/BARREL.vhd" sub00/vhpl00 1445755341
EN mux32_1 NULL "C:/Users/Rohit/Desktop/BE project/Barrel Shifter/BARRELMUX8/BARREL.vhd" sub00/vhpl01 1445755343
